<?xml version="1.0" encoding="ISO-8859-1" ?>
<link_info>
   <banner>TMS320C2000 Linker PC v22.6.0.LTS</banner>
   <copyright>Copyright (c) 1996-2018 Texas Instruments Incorporated</copyright>
   <link_time>0x63a1ccd5</link_time>
   <link_errors>0x0</link_errors>
   <output_file>7.4kW_OBC_F28003x.out</output_file>
   <entry_point>
      <name>code_start</name>
      <address>0x80000</address>
   </entry_point>
   <input_file_list>
      <input_file id="fl-2">
         <path>.\</path>
         <kind>object</kind>
         <file>obc_7_4kw.obj</file>
         <name>obc_7_4kw.obj</name>
      </input_file>
      <input_file id="fl-3">
         <path>.\</path>
         <kind>object</kind>
         <file>obc_7_4kw_main.obj</file>
         <name>obc_7_4kw_main.obj</name>
      </input_file>
      <input_file id="fl-4">
         <path>.\clllc\</path>
         <kind>object</kind>
         <file>clllc.obj</file>
         <name>clllc.obj</name>
      </input_file>
      <input_file id="fl-5">
         <path>.\clllc\</path>
         <kind>object</kind>
         <file>clllc_clatasks.obj</file>
         <name>clllc_clatasks.obj</name>
      </input_file>
      <input_file id="fl-6">
         <path>.\clllc\</path>
         <kind>object</kind>
         <file>clllc_hal.obj</file>
         <name>clllc_hal.obj</name>
      </input_file>
      <input_file id="fl-7">
         <path>.\device\</path>
         <kind>object</kind>
         <file>device.obj</file>
         <name>device.obj</name>
      </input_file>
      <input_file id="fl-8">
         <path>.\device\</path>
         <kind>object</kind>
         <file>f28003x_codestartbranch.obj</file>
         <name>f28003x_codestartbranch.obj</name>
      </input_file>
      <input_file id="fl-9">
         <path>.\libraries\DCL\</path>
         <kind>object</kind>
         <file>DCL_DF22_C1.obj</file>
         <name>DCL_DF22_C1.obj</name>
      </input_file>
      <input_file id="fl-a">
         <path>.\libraries\DCL\</path>
         <kind>object</kind>
         <file>DCL_PI_C1.obj</file>
         <name>DCL_PI_C1.obj</name>
      </input_file>
      <input_file id="fl-b">
         <path>.\libraries\DCL\</path>
         <kind>object</kind>
         <file>DCL_PI_C4.obj</file>
         <name>DCL_PI_C4.obj</name>
      </input_file>
      <input_file id="fl-c">
         <path>.\libraries\DCL\</path>
         <kind>object</kind>
         <file>DCL_PI_L1.obj</file>
         <name>DCL_PI_L1.obj</name>
      </input_file>
      <input_file id="fl-d">
         <path>.\libraries\sfra\</path>
         <kind>object</kind>
         <file>sfra_gui_scicomms_driverlib.obj</file>
         <name>sfra_gui_scicomms_driverlib.obj</name>
      </input_file>
      <input_file id="fl-e">
         <path>.\ttplpfc\</path>
         <kind>object</kind>
         <file>ttplpfc.obj</file>
         <name>ttplpfc.obj</name>
      </input_file>
      <input_file id="fl-f">
         <path>.\ttplpfc\</path>
         <kind>object</kind>
         <file>ttplpfc_hal.obj</file>
         <name>ttplpfc_hal.obj</name>
      </input_file>
      <input_file id="fl-1d">
         <kind>object</kind>
         <file>&lt;internal&gt;</file>
         <name>&lt;internal&gt;</name>
      </input_file>
      <input_file id="fl-1e">
         <path>..\libraries\sfra\</path>
         <kind>archive</kind>
         <file>sfra_f64_tmu_eabi.lib</file>
         <name>sfra_f32_tmu_background.obj</name>
      </input_file>
      <input_file id="fl-1f">
         <path>..\libraries\sfra\</path>
         <kind>archive</kind>
         <file>sfra_f64_tmu_eabi.lib</file>
         <name>sfra_f32_tmu_collect.obj</name>
      </input_file>
      <input_file id="fl-20">
         <path>..\libraries\sfra\</path>
         <kind>archive</kind>
         <file>sfra_f64_tmu_eabi.lib</file>
         <name>sfra_f32_tmu_config_reset.obj</name>
      </input_file>
      <input_file id="fl-21">
         <path>..\libraries\sfra\</path>
         <kind>archive</kind>
         <file>sfra_f64_tmu_eabi.lib</file>
         <name>sfra_f32_tmu_inject.obj</name>
      </input_file>
      <input_file id="fl-22">
         <path>C:\Users\gerar\workspace_v12\7.4kW_OBC_F28003x\device\driverlib\ccs\Release\</path>
         <kind>archive</kind>
         <file>driverlib.lib</file>
         <name>adc.obj</name>
      </input_file>
      <input_file id="fl-23">
         <path>C:\Users\gerar\workspace_v12\7.4kW_OBC_F28003x\device\driverlib\ccs\Release\</path>
         <kind>archive</kind>
         <file>driverlib.lib</file>
         <name>cla.obj</name>
      </input_file>
      <input_file id="fl-24">
         <path>C:\Users\gerar\workspace_v12\7.4kW_OBC_F28003x\device\driverlib\ccs\Release\</path>
         <kind>archive</kind>
         <file>driverlib.lib</file>
         <name>cmpss.obj</name>
      </input_file>
      <input_file id="fl-25">
         <path>C:\Users\gerar\workspace_v12\7.4kW_OBC_F28003x\device\driverlib\ccs\Release\</path>
         <kind>archive</kind>
         <file>driverlib.lib</file>
         <name>cputimer.obj</name>
      </input_file>
      <input_file id="fl-26">
         <path>C:\Users\gerar\workspace_v12\7.4kW_OBC_F28003x\device\driverlib\ccs\Release\</path>
         <kind>archive</kind>
         <file>driverlib.lib</file>
         <name>dcc.obj</name>
      </input_file>
      <input_file id="fl-27">
         <path>C:\Users\gerar\workspace_v12\7.4kW_OBC_F28003x\device\driverlib\ccs\Release\</path>
         <kind>archive</kind>
         <file>driverlib.lib</file>
         <name>flash.obj</name>
      </input_file>
      <input_file id="fl-28">
         <path>C:\Users\gerar\workspace_v12\7.4kW_OBC_F28003x\device\driverlib\ccs\Release\</path>
         <kind>archive</kind>
         <file>driverlib.lib</file>
         <name>gpio.obj</name>
      </input_file>
      <input_file id="fl-29">
         <path>C:\Users\gerar\workspace_v12\7.4kW_OBC_F28003x\device\driverlib\ccs\Release\</path>
         <kind>archive</kind>
         <file>driverlib.lib</file>
         <name>interrupt.obj</name>
      </input_file>
      <input_file id="fl-2a">
         <path>C:\Users\gerar\workspace_v12\7.4kW_OBC_F28003x\device\driverlib\ccs\Release\</path>
         <kind>archive</kind>
         <file>driverlib.lib</file>
         <name>memcfg.obj</name>
      </input_file>
      <input_file id="fl-2b">
         <path>C:\Users\gerar\workspace_v12\7.4kW_OBC_F28003x\device\driverlib\ccs\Release\</path>
         <kind>archive</kind>
         <file>driverlib.lib</file>
         <name>sci.obj</name>
      </input_file>
      <input_file id="fl-2c">
         <path>C:\Users\gerar\workspace_v12\7.4kW_OBC_F28003x\device\driverlib\ccs\Release\</path>
         <kind>archive</kind>
         <file>driverlib.lib</file>
         <name>sysctl.obj</name>
      </input_file>
      <input_file id="fl-2d">
         <path>C:\Users\gerar\workspace_v12\7.4kW_OBC_F28003x\device\driverlib\ccs\Release\</path>
         <kind>archive</kind>
         <file>driverlib.lib</file>
         <name>xbar.obj</name>
      </input_file>
      <input_file id="fl-2e">
         <path>..\libraries\FPUfastRTS\</path>
         <kind>archive</kind>
         <file>rts2800_fpu32_fast_supplement_eabi.lib</file>
         <name>div_f32.obj</name>
      </input_file>
      <input_file id="fl-2f">
         <path>..\libraries\FPUfastRTS\</path>
         <kind>archive</kind>
         <file>rts2800_fpu32_fast_supplement_eabi.lib</file>
         <name>log_f32.obj</name>
      </input_file>
      <input_file id="fl-30">
         <path>..\libraries\FPUfastRTS\</path>
         <kind>archive</kind>
         <file>rts2800_fpu32_fast_supplement_eabi.lib</file>
         <name>logtable_f32.obj</name>
      </input_file>
      <input_file id="fl-31">
         <path>C:\Users\gerar\workspace_v12\7.4kW_OBC_F28003x\libraries\SFO\</path>
         <kind>archive</kind>
         <file>SFO_v8_fpu_lib_build_c28_driverlib_eabi.lib</file>
         <name>SFO_v8_fpu_lib_build_c28_driverlib.obj</name>
      </input_file>
      <input_file id="fl-3d">
         <path>C:\ti\ccs1210\ccs\tools\compiler\ti-cgt-c2000_22.6.0.LTS\lib\</path>
         <kind>archive</kind>
         <file>rts2800_fpu64_eabi.lib</file>
         <name>s_tanf.c.obj</name>
      </input_file>
      <input_file id="fl-3e">
         <path>C:\ti\ccs1210\ccs\tools\compiler\ti-cgt-c2000_22.6.0.LTS\lib\</path>
         <kind>archive</kind>
         <file>rts2800_fpu64_eabi.lib</file>
         <name>boot28.asm.obj</name>
      </input_file>
      <input_file id="fl-3f">
         <path>C:\ti\ccs1210\ccs\tools\compiler\ti-cgt-c2000_22.6.0.LTS\lib\</path>
         <kind>archive</kind>
         <file>rts2800_fpu64_eabi.lib</file>
         <name>ll_cmp28.asm.obj</name>
      </input_file>
      <input_file id="fl-40">
         <path>C:\ti\ccs1210\ccs\tools\compiler\ti-cgt-c2000_22.6.0.LTS\lib\</path>
         <kind>archive</kind>
         <file>rts2800_fpu64_eabi.lib</file>
         <name>memcpy.c.obj</name>
      </input_file>
      <input_file id="fl-41">
         <path>C:\ti\ccs1210\ccs\tools\compiler\ti-cgt-c2000_22.6.0.LTS\lib\</path>
         <kind>archive</kind>
         <file>rts2800_fpu64_eabi.lib</file>
         <name>pre_init.c.obj</name>
      </input_file>
      <input_file id="fl-42">
         <path>C:\ti\ccs1210\ccs\tools\compiler\ti-cgt-c2000_22.6.0.LTS\lib\</path>
         <kind>archive</kind>
         <file>rts2800_fpu64_eabi.lib</file>
         <name>autoinit.c.obj</name>
      </input_file>
      <input_file id="fl-43">
         <path>C:\ti\ccs1210\ccs\tools\compiler\ti-cgt-c2000_22.6.0.LTS\lib\</path>
         <kind>archive</kind>
         <file>rts2800_fpu64_eabi.lib</file>
         <name>copy_zero_init.c.obj</name>
      </input_file>
      <input_file id="fl-44">
         <path>C:\ti\ccs1210\ccs\tools\compiler\ti-cgt-c2000_22.6.0.LTS\lib\</path>
         <kind>archive</kind>
         <file>rts2800_fpu64_eabi.lib</file>
         <name>copy_decompress_none.c.obj</name>
      </input_file>
      <input_file id="fl-45">
         <path>C:\ti\ccs1210\ccs\tools\compiler\ti-cgt-c2000_22.6.0.LTS\lib\</path>
         <kind>archive</kind>
         <file>rts2800_fpu64_eabi.lib</file>
         <name>copy_decompress_lzss.c.obj</name>
      </input_file>
      <input_file id="fl-46">
         <path>C:\ti\ccs1210\ccs\tools\compiler\ti-cgt-c2000_22.6.0.LTS\lib\</path>
         <kind>archive</kind>
         <file>rts2800_fpu64_eabi.lib</file>
         <name>exit.c.obj</name>
      </input_file>
      <input_file id="fl-47">
         <path>C:\ti\ccs1210\ccs\tools\compiler\ti-cgt-c2000_22.6.0.LTS\lib\</path>
         <kind>archive</kind>
         <file>rts2800_fpu64_eabi.lib</file>
         <name>_lock.c.obj</name>
      </input_file>
      <input_file id="fl-48">
         <path>C:\ti\ccs1210\ccs\tools\compiler\ti-cgt-c2000_22.6.0.LTS\lib\</path>
         <kind>archive</kind>
         <file>rts2800_fpu64_eabi.lib</file>
         <name>args_main.c.obj</name>
      </input_file>
      <input_file id="fl-49">
         <path>C:\ti\ccs1210\ccs\tools\compiler\ti-cgt-c2000_22.6.0.LTS\lib\</path>
         <kind>archive</kind>
         <file>rts2800_fpu64_eabi.lib</file>
         <name>memset.c.obj</name>
      </input_file>
      <input_file id="fl-4a">
         <path>C:\ti\ccs1210\ccs\tools\compiler\ti-cgt-c2000_22.6.0.LTS\lib\</path>
         <kind>archive</kind>
         <file>rts2800_fpu64_eabi.lib</file>
         <name>cpy_tbl.c.obj</name>
      </input_file>
      <input_file id="fl-4b">
         <path>C:\ti\ccs1210\ccs\tools\compiler\ti-cgt-c2000_22.6.0.LTS\lib\</path>
         <kind>archive</kind>
         <file>rts2800_fpu64_eabi.lib</file>
         <name>startup.c.obj</name>
      </input_file>
   </input_file_list>
   <object_component_list>
      <object_component id="oc-5f4">
         <name>.cinit..data.load</name>
         <load_address>0x816d0</load_address>
         <run_address>0x816d0</run_address>
         <size>0x21</size>
      </object_component>
      <object_component id="oc-5f6">
         <name>.cinit.controlVariables.load</name>
         <load_address>0x816f1</load_address>
         <run_address>0x816f1</run_address>
         <size>0xb</size>
      </object_component>
      <object_component id="oc-5f1">
         <name>__TI_handler_table</name>
         <load_address>0x816fc</load_address>
         <run_address>0x816fc</run_address>
         <size>0x6</size>
      </object_component>
      <object_component id="oc-5f3">
         <name>.cinit..bss.load</name>
         <load_address>0x81702</load_address>
         <run_address>0x81702</run_address>
         <size>0x4</size>
      </object_component>
      <object_component id="oc-5f5">
         <name>.cinit..scratchpad.load</name>
         <load_address>0x81706</load_address>
         <run_address>0x81706</run_address>
         <size>0x4</size>
      </object_component>
      <object_component id="oc-5f7">
         <name>.cinit.SFRA_F32_Data.load</name>
         <load_address>0x8170a</load_address>
         <run_address>0x8170a</run_address>
         <size>0x4</size>
      </object_component>
      <object_component id="oc-5f2">
         <name>__TI_cinit_table</name>
         <load_address>0x81710</load_address>
         <run_address>0x81710</run_address>
         <size>0x14</size>
      </object_component>
      <object_component id="oc-298">
         <name>.text:TTPLPFC_globalVariablesInit</name>
         <load_address>0x82000</load_address>
         <run_address>0x82000</run_address>
         <size>0x570</size>
         <input_file_ref idref="fl-e"/>
      </object_component>
      <object_component id="oc-31c">
         <name>.text:CLLLC_HAL_setupSynchronousRectificationAction</name>
         <load_address>0x82570</load_address>
         <run_address>0x82570</run_address>
         <size>0x37d</size>
         <input_file_ref idref="fl-6"/>
      </object_component>
      <object_component id="oc-2a4">
         <name>.text:CLLLC_initGlobalVariables</name>
         <load_address>0x828ed</load_address>
         <run_address>0x828ed</run_address>
         <size>0x266</size>
         <input_file_ref idref="fl-4"/>
      </object_component>
      <object_component id="oc-4a5">
         <name>.text</name>
         <load_address>0x82b53</load_address>
         <run_address>0x82b53</run_address>
         <size>0x200</size>
         <input_file_ref idref="fl-1e"/>
      </object_component>
      <object_component id="oc-408">
         <name>.text</name>
         <load_address>0x82d53</load_address>
         <run_address>0x82d53</run_address>
         <size>0x1f1</size>
         <input_file_ref idref="fl-31"/>
      </object_component>
      <object_component id="oc-305">
         <name>.text</name>
         <load_address>0x82f44</load_address>
         <run_address>0x82f44</run_address>
         <size>0x1e9</size>
         <input_file_ref idref="fl-20"/>
      </object_component>
      <object_component id="oc-ad">
         <name>.text:CLLLC_runISR3</name>
         <load_address>0x8312d</load_address>
         <run_address>0x8312d</run_address>
         <size>0x1e5</size>
         <input_file_ref idref="fl-4"/>
      </object_component>
      <object_component id="oc-2f8">
         <name>.text:CLLLC_HAL_setupPWM</name>
         <load_address>0x83312</load_address>
         <run_address>0x83312</run_address>
         <size>0x16e</size>
         <input_file_ref idref="fl-6"/>
      </object_component>
      <object_component id="oc-23c">
         <name>.text:TTPLPFC_setupSFRA</name>
         <load_address>0x83480</load_address>
         <run_address>0x83480</run_address>
         <size>0x11d</size>
         <input_file_ref idref="fl-e"/>
      </object_component>
      <object_component id="oc-441">
         <name>.text:SFRA_GUI_sendData</name>
         <load_address>0x8359d</load_address>
         <run_address>0x8359d</run_address>
         <size>0x108</size>
         <input_file_ref idref="fl-d"/>
      </object_component>
      <object_component id="oc-367">
         <name>.text:SysCtl_setClock</name>
         <load_address>0x836a5</load_address>
         <run_address>0x836a5</run_address>
         <size>0x108</size>
         <input_file_ref idref="fl-2c"/>
      </object_component>
      <object_component id="oc-4c1">
         <name>.text:SysCtl_isPLLValid</name>
         <load_address>0x837ad</load_address>
         <run_address>0x837ad</run_address>
         <size>0xff</size>
         <input_file_ref idref="fl-2c"/>
      </object_component>
      <object_component id="oc-315">
         <name>.text:SFRA_GUI_config</name>
         <load_address>0x838ac</load_address>
         <run_address>0x838ac</run_address>
         <size>0xf9</size>
         <input_file_ref idref="fl-d"/>
      </object_component>
      <object_component id="oc-2c4">
         <name>.text:CLLLC_HAL_setupTrigForADC</name>
         <load_address>0x839a5</load_address>
         <run_address>0x839a5</run_address>
         <size>0xde</size>
         <input_file_ref idref="fl-6"/>
      </object_component>
      <object_component id="oc-36d">
         <name>.text:Device_enableAllPeripherals</name>
         <load_address>0x83a83</load_address>
         <run_address>0x83a83</run_address>
         <size>0xd3</size>
         <input_file_ref idref="fl-7"/>
      </object_component>
      <object_component id="oc-414">
         <name>.text:CLLLC_HAL_setupHRPWMinUpDownCountModeWithDeadBand</name>
         <load_address>0x83b56</load_address>
         <run_address>0x83b56</run_address>
         <size>0xc7</size>
         <input_file_ref idref="fl-6"/>
      </object_component>
      <object_component id="oc-2fe">
         <name>.text:CLLLC_HAL_setupPWMpins</name>
         <load_address>0x83c1d</load_address>
         <run_address>0x83c1d</run_address>
         <size>0xc7</size>
         <input_file_ref idref="fl-6"/>
      </object_component>
      <object_component id="oc-33a">
         <name>.text:CLLLC_changeSynchronousRectifierPwmBehavior</name>
         <load_address>0x83ce4</load_address>
         <run_address>0x83ce4</run_address>
         <size>0xbc</size>
         <input_file_ref idref="fl-4"/>
      </object_component>
      <object_component id="oc-2e5">
         <name>.text:CLLLC_HAL_setupBoardProtection</name>
         <load_address>0x83da0</load_address>
         <run_address>0x83da0</run_address>
         <size>0xb2</size>
         <input_file_ref idref="fl-6"/>
      </object_component>
      <object_component id="oc-2b8">
         <name>.text:TTPLPFC_HAL_setupTrigForADC</name>
         <load_address>0x83e52</load_address>
         <run_address>0x83e52</run_address>
         <size>0xaf</size>
         <input_file_ref idref="fl-f"/>
      </object_component>
      <object_component id="oc-49">
         <name>.text:OBC_7_4KW_setupInterrupt</name>
         <load_address>0x83f01</load_address>
         <run_address>0x83f01</run_address>
         <size>0xa3</size>
         <input_file_ref idref="fl-2"/>
      </object_component>
      <object_component id="oc-2d1">
         <name>.text:CLLLC_HAL_setupGPIOs</name>
         <load_address>0x83fa4</load_address>
         <run_address>0x83fa4</run_address>
         <size>0x9e</size>
         <input_file_ref idref="fl-6"/>
      </object_component>
      <object_component id="oc-bf">
         <name>.text:CLLLC_HAL_setupCLA</name>
         <load_address>0x84042</load_address>
         <run_address>0x84042</run_address>
         <size>0x92</size>
         <input_file_ref idref="fl-6"/>
      </object_component>
      <object_component id="oc-2df">
         <name>.text:TTPLPFC_HAL_setupBoardProtection</name>
         <load_address>0x840d4</load_address>
         <run_address>0x840d4</run_address>
         <size>0x91</size>
         <input_file_ref idref="fl-f"/>
      </object_component>
      <object_component id="oc-2be">
         <name>.text:CLLLC_HAL_setupADC</name>
         <load_address>0x84165</load_address>
         <run_address>0x84165</run_address>
         <size>0x8e</size>
         <input_file_ref idref="fl-6"/>
      </object_component>
      <object_component id="oc-40e">
         <name>.text:CLLLC_HAL_setupHRPWMinUpDownCount2ChAsymmetricMode</name>
         <load_address>0x841f3</load_address>
         <run_address>0x841f3</run_address>
         <size>0x7b</size>
         <input_file_ref idref="fl-6"/>
      </object_component>
      <object_component id="oc-2ec">
         <name>.text:TTPLPFC_HAL_setupPWM</name>
         <load_address>0x8426e</load_address>
         <run_address>0x8426e</run_address>
         <size>0x78</size>
         <input_file_ref idref="fl-f"/>
      </object_component>
      <object_component id="oc-2b2">
         <name>.text:TTPLPFC_HAL_setupADC</name>
         <load_address>0x842e6</load_address>
         <run_address>0x842e6</run_address>
         <size>0x73</size>
         <input_file_ref idref="fl-f"/>
      </object_component>
      <object_component id="oc-20c">
         <name>.text:CLLLC_HAL_setupDevice</name>
         <load_address>0x84359</load_address>
         <run_address>0x84359</run_address>
         <size>0x71</size>
         <input_file_ref idref="fl-6"/>
      </object_component>
      <object_component id="oc-400">
         <name>.text:TTPLPFC_HAL_setupPWM_UpDownCountWithDeadband</name>
         <load_address>0x843ca</load_address>
         <run_address>0x843ca</run_address>
         <size>0x71</size>
         <input_file_ref idref="fl-f"/>
      </object_component>
      <object_component id="oc-398">
         <name>.text:TTPLPFC_computeNotchFltrCoeff</name>
         <load_address>0x8443b</load_address>
         <run_address>0x8443b</run_address>
         <size>0x70</size>
         <input_file_ref idref="fl-e"/>
      </object_component>
      <object_component id="oc-2f2">
         <name>.text:TTPLPFC_HAL_setPinsAsPWM</name>
         <load_address>0x844ab</load_address>
         <run_address>0x844ab</run_address>
         <size>0x6f</size>
         <input_file_ref idref="fl-f"/>
      </object_component>
      <object_component id="oc-a3">
         <name>.text</name>
         <load_address>0x8451a</load_address>
         <run_address>0x8451a</run_address>
         <size>0x67</size>
         <input_file_ref idref="fl-1f"/>
      </object_component>
      <object_component id="oc-392">
         <name>.text</name>
         <load_address>0x84581</load_address>
         <run_address>0x84581</run_address>
         <size>0x62</size>
         <input_file_ref idref="fl-3d"/>
      </object_component>
      <object_component id="oc-3e0">
         <name>.text:TTPLPFC_HAL_setupCMPSS</name>
         <load_address>0x845e3</load_address>
         <run_address>0x845e3</run_address>
         <size>0x55</size>
         <input_file_ref idref="fl-f"/>
      </object_component>
      <object_component id="oc-453">
         <name>.text:SFRA_GUI_lifePulseTsk</name>
         <load_address>0x84638</load_address>
         <run_address>0x84638</run_address>
         <size>0x4f</size>
         <input_file_ref idref="fl-d"/>
      </object_component>
      <object_component id="oc-347">
         <name>.text:CLLLC_updateBoardStatus</name>
         <load_address>0x84687</load_address>
         <run_address>0x84687</run_address>
         <size>0x4c</size>
         <input_file_ref idref="fl-4"/>
      </object_component>
      <object_component id="oc-279">
         <name>.text:Device_init</name>
         <load_address>0x846d3</load_address>
         <run_address>0x846d3</run_address>
         <size>0x45</size>
         <input_file_ref idref="fl-7"/>
      </object_component>
      <object_component id="oc-373">
         <name>.text:GPIO_setAnalogMode</name>
         <load_address>0x84718</load_address>
         <run_address>0x84718</run_address>
         <size>0x45</size>
         <input_file_ref idref="fl-28"/>
      </object_component>
      <object_component id="oc-285">
         <name>.text:Interrupt_initModule</name>
         <load_address>0x8475d</load_address>
         <run_address>0x8475d</run_address>
         <size>0x41</size>
         <input_file_ref idref="fl-29"/>
      </object_component>
      <object_component id="oc-3ec">
         <name>.text:GPIO_setPadConfig</name>
         <load_address>0x8479e</load_address>
         <run_address>0x8479e</run_address>
         <size>0x3f</size>
         <input_file_ref idref="fl-28"/>
      </object_component>
      <object_component id="oc-3f8">
         <name>.text:TTPLPFC_HAL_setupPWMforTrip</name>
         <load_address>0x847dd</load_address>
         <run_address>0x847dd</run_address>
         <size>0x3c</size>
         <input_file_ref idref="fl-f"/>
      </object_component>
      <object_component id="oc-322">
         <name>.text:CLLLC_HAL_setupSynchronousRectificationActionDebug</name>
         <load_address>0x84819</load_address>
         <run_address>0x84819</run_address>
         <size>0x39</size>
         <input_file_ref idref="fl-6"/>
      </object_component>
      <object_component id="oc-53e">
         <name>.text</name>
         <load_address>0x84852</load_address>
         <run_address>0x84852</run_address>
         <size>0x38</size>
         <input_file_ref idref="fl-2f"/>
      </object_component>
      <object_component id="oc-46b">
         <name>.text:SFRA_GUI_getCmdByte</name>
         <load_address>0x8488a</load_address>
         <run_address>0x8488a</run_address>
         <size>0x37</size>
         <input_file_ref idref="fl-d"/>
      </object_component>
      <object_component id="oc-c5">
         <name>.text:Interrupt_enable</name>
         <load_address>0x848c1</load_address>
         <run_address>0x848c1</run_address>
         <size>0x36</size>
         <input_file_ref idref="fl-29"/>
      </object_component>
      <object_component id="oc-b3">
         <name>.text:CLLLC_HAL_setupPWMinUpDownCountMode</name>
         <load_address>0x848f7</load_address>
         <run_address>0x848f7</run_address>
         <size>0x34</size>
         <input_file_ref idref="fl-6"/>
      </object_component>
      <object_component id="oc-3d1">
         <name>.text:GPIO_setPinConfig</name>
         <load_address>0x8492b</load_address>
         <run_address>0x8492b</run_address>
         <size>0x30</size>
         <input_file_ref idref="fl-28"/>
      </object_component>
      <object_component id="oc-2d8">
         <name>.text:CLLLC_HAL_setupECAPforDutyCapture</name>
         <load_address>0x8495b</load_address>
         <run_address>0x8495b</run_address>
         <size>0x2f</size>
         <input_file_ref idref="fl-6"/>
      </object_component>
      <object_component id="oc-55a">
         <name>.text:SysCtl_selectXTAL</name>
         <load_address>0x8498a</load_address>
         <run_address>0x8498a</run_address>
         <size>0x2f</size>
         <input_file_ref idref="fl-2c"/>
      </object_component>
      <object_component id="oc-a4">
         <name>.text:XBAR_getInputFlagStatus</name>
         <load_address>0x849b9</load_address>
         <run_address>0x849b9</run_address>
         <size>0x2f</size>
         <input_file_ref idref="fl-2d"/>
      </object_component>
      <object_component id="oc-24">
         <name>.text:decompress:lzss</name>
         <load_address>0x849e8</load_address>
         <run_address>0x849e8</run_address>
         <size>0x2e</size>
         <input_file_ref idref="fl-45"/>
      </object_component>
      <object_component id="oc-4bb">
         <name>.text:SysCtl_selectOscSource</name>
         <load_address>0x84a16</load_address>
         <run_address>0x84a16</run_address>
         <size>0x2d</size>
         <input_file_ref idref="fl-2c"/>
      </object_component>
      <object_component id="oc-447">
         <name>.text:SFRA_GUI_getData</name>
         <load_address>0x84a43</load_address>
         <run_address>0x84a43</run_address>
         <size>0x2b</size>
         <input_file_ref idref="fl-d"/>
      </object_component>
      <object_component id="oc-3e6">
         <name>.text:XBAR_setEPWMMuxConfig</name>
         <load_address>0x84a6e</load_address>
         <run_address>0x84a6e</run_address>
         <size>0x2b</size>
         <input_file_ref idref="fl-2d"/>
      </object_component>
      <object_component id="oc-1ab">
         <name>.text:__TI_auto_init_nobinit_nopinit</name>
         <load_address>0x84a99</load_address>
         <run_address>0x84a99</run_address>
         <size>0x2b</size>
         <input_file_ref idref="fl-42"/>
      </object_component>
      <object_component id="oc-b9">
         <name>.text:CLLLC_HAL_setupECAPinPWMMode</name>
         <load_address>0x84ac4</load_address>
         <run_address>0x84ac4</run_address>
         <size>0x2a</size>
         <input_file_ref idref="fl-6"/>
      </object_component>
      <object_component id="oc-44d">
         <name>.text:SFRA_GUI_setData32</name>
         <load_address>0x84aee</load_address>
         <run_address>0x84aee</run_address>
         <size>0x29</size>
         <input_file_ref idref="fl-d"/>
      </object_component>
      <object_component id="oc-17a">
         <name>.text</name>
         <load_address>0x84b17</load_address>
         <run_address>0x84b17</run_address>
         <size>0x29</size>
         <input_file_ref idref="fl-46"/>
      </object_component>
      <object_component id="oc-3f2">
         <name>.text:XBAR_clearInputFlag</name>
         <load_address>0x84b40</load_address>
         <run_address>0x84b40</run_address>
         <size>0x28</size>
         <input_file_ref idref="fl-2d"/>
      </object_component>
      <object_component id="oc-1db">
         <name>.text:main</name>
         <load_address>0x84b68</load_address>
         <run_address>0x84b68</run_address>
         <size>0x28</size>
         <input_file_ref idref="fl-3"/>
      </object_component>
      <object_component id="oc-9d">
         <name>.text</name>
         <load_address>0x84b90</load_address>
         <run_address>0x84b90</run_address>
         <size>0x26</size>
         <input_file_ref idref="fl-21"/>
      </object_component>
      <object_component id="oc-524">
         <name>.text:SFRA_GUI_echoCmdByte</name>
         <load_address>0x84bb6</load_address>
         <run_address>0x84bb6</run_address>
         <size>0x25</size>
         <input_file_ref idref="fl-d"/>
      </object_component>
      <object_component id="oc-597">
         <name>.text:SFRA_GUI_echoSizeByte</name>
         <load_address>0x84bdb</load_address>
         <run_address>0x84bdb</run_address>
         <size>0x25</size>
         <input_file_ref idref="fl-d"/>
      </object_component>
      <object_component id="oc-498">
         <name>.text:XBAR_setOutputMuxConfig</name>
         <load_address>0x84c00</load_address>
         <run_address>0x84c00</run_address>
         <size>0x25</size>
         <input_file_ref idref="fl-2d"/>
      </object_component>
      <object_component id="oc-426">
         <name>.text:SCI_setConfig</name>
         <load_address>0x84c25</load_address>
         <run_address>0x84c25</run_address>
         <size>0x23</size>
         <input_file_ref idref="fl-2b"/>
      </object_component>
      <object_component id="oc-3d8">
         <name>.text:GPIO_setMasterCore</name>
         <load_address>0x84c48</load_address>
         <run_address>0x84c48</run_address>
         <size>0x22</size>
         <input_file_ref idref="fl-28"/>
      </object_component>
      <object_component id="oc-3cb">
         <name>.text:GPIO_setQualificationMode</name>
         <load_address>0x84c6a</load_address>
         <run_address>0x84c6a</run_address>
         <size>0x22</size>
         <input_file_ref idref="fl-28"/>
      </object_component>
      <object_component id="oc-117">
         <name>.text:MemCfg_setLSRAMMasterSel</name>
         <load_address>0x84c8c</load_address>
         <run_address>0x84c8c</run_address>
         <size>0x21</size>
         <input_file_ref idref="fl-2a"/>
      </object_component>
      <object_component id="oc-212">
         <name>.text:OBC_7_4KW_initGlobalVariables</name>
         <load_address>0x84cad</load_address>
         <run_address>0x84cad</run_address>
         <size>0x21</size>
         <input_file_ref idref="fl-2"/>
      </object_component>
      <object_component id="oc-3c5">
         <name>.text:GPIO_setDirectionMode</name>
         <load_address>0x84cce</load_address>
         <run_address>0x84cce</run_address>
         <size>0x20</size>
         <input_file_ref idref="fl-28"/>
      </object_component>
      <object_component id="oc-5b4">
         <name>.text:SFRA_GUI_cmdInterpreter</name>
         <load_address>0x84cee</load_address>
         <run_address>0x84cee</run_address>
         <size>0x20</size>
         <input_file_ref idref="fl-d"/>
      </object_component>
      <object_component id="oc-5a6">
         <name>.text:SFRA_GUI_echoDataByte</name>
         <load_address>0x84d0e</load_address>
         <run_address>0x84d0e</run_address>
         <size>0x20</size>
         <input_file_ref idref="fl-d"/>
      </object_component>
      <object_component id="oc-22a">
         <name>.text:CLLLC_HAL_setupECAPforGaNTemp</name>
         <load_address>0x84d2e</load_address>
         <run_address>0x84d2e</run_address>
         <size>0x1f</size>
         <input_file_ref idref="fl-6"/>
      </object_component>
      <object_component id="oc-236">
         <name>.text:OBC_7_4KW_setupPWM</name>
         <load_address>0x84d4d</load_address>
         <run_address>0x84d4d</run_address>
         <size>0x1f</size>
         <input_file_ref idref="fl-2"/>
      </object_component>
      <object_component id="oc-58f">
         <name>.text:SysCtl_pollX1Counter</name>
         <load_address>0x84d6c</load_address>
         <run_address>0x84d6c</run_address>
         <size>0x1f</size>
         <input_file_ref idref="fl-2c"/>
      </object_component>
      <object_component id="oc-59f">
         <name>.text:SFRA_GUI_getDataByte</name>
         <load_address>0x84d8b</load_address>
         <run_address>0x84d8b</run_address>
         <size>0x1d</size>
         <input_file_ref idref="fl-d"/>
      </object_component>
      <object_component id="oc-580">
         <name>.text:SFRA_GUI_getSizeByte</name>
         <load_address>0x84da8</load_address>
         <run_address>0x84da8</run_address>
         <size>0x1d</size>
         <input_file_ref idref="fl-d"/>
      </object_component>
      <object_component id="oc-72">
         <name>.text</name>
         <load_address>0x84dc5</load_address>
         <run_address>0x84dc5</run_address>
         <size>0x1d</size>
         <input_file_ref idref="fl-40"/>
      </object_component>
      <object_component id="oc-14d">
         <name>.text:CLA_setTriggerSource</name>
         <load_address>0x84de2</load_address>
         <run_address>0x84de2</run_address>
         <size>0x1c</size>
         <input_file_ref idref="fl-23"/>
      </object_component>
      <object_component id="oc-432">
         <name>.text:SCI_clearInterruptStatus</name>
         <load_address>0x84dfe</load_address>
         <run_address>0x84dfe</run_address>
         <size>0x1c</size>
         <input_file_ref idref="fl-2b"/>
      </object_component>
      <object_component id="oc-5ad">
         <name>.text:SFRA_GUI_packWord</name>
         <load_address>0x84e1a</load_address>
         <run_address>0x84e1a</run_address>
         <size>0x1c</size>
         <input_file_ref idref="fl-d"/>
      </object_component>
      <object_component id="oc-554">
         <name>.text:SysCtl_selectXTALSingleEnded</name>
         <load_address>0x84e36</load_address>
         <run_address>0x84e36</run_address>
         <size>0x1c</size>
         <input_file_ref idref="fl-2c"/>
      </object_component>
      <object_component id="oc-4ed">
         <name>.text:ADC_setOffsetTrimAll</name>
         <load_address>0x84e52</load_address>
         <run_address>0x84e52</run_address>
         <size>0x1a</size>
         <input_file_ref idref="fl-22"/>
      </object_component>
      <object_component id="oc-42c">
         <name>.text:SCI_enableInterrupt</name>
         <load_address>0x84e6c</load_address>
         <run_address>0x84e6c</run_address>
         <size>0x1a</size>
         <input_file_ref idref="fl-2b"/>
      </object_component>
      <object_component id="oc-3ba">
         <name>.text:ADC_setVREF</name>
         <load_address>0x84e86</load_address>
         <run_address>0x84e86</run_address>
         <size>0x19</size>
         <input_file_ref idref="fl-22"/>
      </object_component>
      <object_component id="oc-48b">
         <name>.text:CMPSS_configFilterHigh</name>
         <load_address>0x84e9f</load_address>
         <run_address>0x84e9f</run_address>
         <size>0x19</size>
         <input_file_ref idref="fl-24"/>
      </object_component>
      <object_component id="oc-491">
         <name>.text:CMPSS_configFilterLow</name>
         <load_address>0x84eb8</load_address>
         <run_address>0x84eb8</run_address>
         <size>0x19</size>
         <input_file_ref idref="fl-24"/>
      </object_component>
      <object_component id="oc-4d5">
         <name>.text</name>
         <load_address>0x84ed1</load_address>
         <run_address>0x84ed1</run_address>
         <size>0x19</size>
         <input_file_ref idref="fl-2e"/>
      </object_component>
      <object_component id="oc-f6">
         <name>.text</name>
         <load_address>0x84eea</load_address>
         <run_address>0x84eea</run_address>
         <size>0x19</size>
         <input_file_ref idref="fl-3e"/>
      </object_component>
      <object_component id="oc-24e">
         <name>.text:A0</name>
         <load_address>0x84f03</load_address>
         <run_address>0x84f03</run_address>
         <size>0x18</size>
         <input_file_ref idref="fl-3"/>
      </object_component>
      <object_component id="oc-32d">
         <name>.text:B0</name>
         <load_address>0x84f1b</load_address>
         <run_address>0x84f1b</run_address>
         <size>0x18</size>
         <input_file_ref idref="fl-3"/>
      </object_component>
      <object_component id="oc-485">
         <name>.text:CMPSS_configLatchOnPWMSYNC</name>
         <load_address>0x84f33</load_address>
         <run_address>0x84f33</run_address>
         <size>0x15</size>
         <input_file_ref idref="fl-24"/>
      </object_component>
      <object_component id="oc-28b">
         <name>.text:Interrupt_initVectorTable</name>
         <load_address>0x84f48</load_address>
         <run_address>0x84f48</run_address>
         <size>0x15</size>
         <input_file_ref idref="fl-29"/>
      </object_component>
      <object_component id="oc-45f">
         <name>.text:SFRA_GUI_setButton</name>
         <load_address>0x84f5d</load_address>
         <run_address>0x84f5d</run_address>
         <size>0x11</size>
         <input_file_ref idref="fl-d"/>
      </object_component>
      <object_component id="oc-465">
         <name>.text:SFRA_GUI_setSlider</name>
         <load_address>0x84f6e</load_address>
         <run_address>0x84f6e</run_address>
         <size>0x11</size>
         <input_file_ref idref="fl-d"/>
      </object_component>
      <object_component id="oc-459">
         <name>.text:SFRA_GUI_setText</name>
         <load_address>0x84f7f</load_address>
         <run_address>0x84f7f</run_address>
         <size>0x11</size>
         <input_file_ref idref="fl-d"/>
      </object_component>
      <object_component id="oc-27f">
         <name>.text:Device_initGPIO</name>
         <load_address>0x84f90</load_address>
         <run_address>0x84f90</run_address>
         <size>0x10</size>
         <input_file_ref idref="fl-7"/>
      </object_component>
      <object_component id="oc-4a6">
         <name>.text:SFRA_GUI_runSerialHostComms</name>
         <load_address>0x84fa0</load_address>
         <run_address>0x84fa0</run_address>
         <size>0xf</size>
         <input_file_ref idref="fl-d"/>
      </object_component>
      <object_component id="oc-544">
         <name>.text:TTPLPFC_runCoefficientsUpdate</name>
         <load_address>0x84faf</load_address>
         <run_address>0x84faf</run_address>
         <size>0xf</size>
         <input_file_ref idref="fl-e"/>
      </object_component>
      <object_component id="oc-2cb">
         <name>.text:TTPLPFC_HAL_setupRelayGPIO</name>
         <load_address>0x84fbe</load_address>
         <run_address>0x84fbe</run_address>
         <size>0xe</size>
         <input_file_ref idref="fl-f"/>
      </object_component>
      <object_component id="oc-54a">
         <name>.text:CLLLC_HAL_toggleLED1</name>
         <load_address>0x84fcc</load_address>
         <run_address>0x84fcc</run_address>
         <size>0xc</size>
         <input_file_ref idref="fl-6"/>
      </object_component>
      <object_component id="oc-341">
         <name>.text:TTPLPFC_updateBoardStatus</name>
         <load_address>0x84fd8</load_address>
         <run_address>0x84fd8</run_address>
         <size>0xc</size>
         <input_file_ref idref="fl-e"/>
      </object_component>
      <object_component id="oc-174">
         <name>.text</name>
         <load_address>0x84fe4</load_address>
         <run_address>0x84fe4</run_address>
         <size>0xc</size>
         <input_file_ref idref="fl-48"/>
      </object_component>
      <object_component id="oc-254">
         <name>.text:A1</name>
         <load_address>0x84ff0</load_address>
         <run_address>0x84ff0</run_address>
         <size>0xb</size>
         <input_file_ref idref="fl-3"/>
      </object_component>
      <object_component id="oc-242">
         <name>.text:OBC_7_4KW_setupActiveSyncRectCLLLC</name>
         <load_address>0x84ffb</load_address>
         <run_address>0x84ffb</run_address>
         <size>0xb</size>
         <input_file_ref idref="fl-2"/>
      </object_component>
      <object_component id="oc-230">
         <name>.text:OBC_7_4KW_setupBoardProtection</name>
         <load_address>0x85006</load_address>
         <run_address>0x85006</run_address>
         <size>0xb</size>
         <input_file_ref idref="fl-2"/>
      </object_component>
      <object_component id="oc-334">
         <name>.text:TTPLPFC_runSFRABackGroundTasks</name>
         <load_address>0x85011</load_address>
         <run_address>0x85011</run_address>
         <size>0xb</size>
         <input_file_ref idref="fl-e"/>
      </object_component>
      <object_component id="oc-25a">
         <name>.text:B1</name>
         <load_address>0x8501c</load_address>
         <run_address>0x8501c</run_address>
         <size>0xa</size>
         <input_file_ref idref="fl-3"/>
      </object_component>
      <object_component id="oc-4b0">
         <name>.text:B3</name>
         <load_address>0x85026</load_address>
         <run_address>0x85026</run_address>
         <size>0xa</size>
         <input_file_ref idref="fl-3"/>
      </object_component>
      <object_component id="oc-218">
         <name>.text:CLLLC_HAL_disablePWMClkCounting</name>
         <load_address>0x85030</load_address>
         <run_address>0x85030</run_address>
         <size>0x9</size>
         <input_file_ref idref="fl-6"/>
      </object_component>
      <object_component id="oc-21e">
         <name>.text:OBC_7_4KW_setupADC</name>
         <load_address>0x85039</load_address>
         <run_address>0x85039</run_address>
         <size>0x9</size>
         <input_file_ref idref="fl-2"/>
      </object_component>
      <object_component id="oc-266">
         <name>.text</name>
         <load_address>0x85042</load_address>
         <run_address>0x85042</run_address>
         <size>0x9</size>
         <input_file_ref idref="fl-47"/>
      </object_component>
      <object_component id="oc-248">
         <name>.text:CLLLC_HAL_enablePWMClkCounting</name>
         <load_address>0x8504b</load_address>
         <run_address>0x8504b</run_address>
         <size>0x8</size>
         <input_file_ref idref="fl-6"/>
      </object_component>
      <object_component id="oc-2a">
         <name>.text:decompress:none</name>
         <load_address>0x85053</load_address>
         <run_address>0x85053</run_address>
         <size>0x8</size>
         <input_file_ref idref="fl-44"/>
      </object_component>
      <object_component id="oc-86">
         <name>.text</name>
         <load_address>0x8505b</load_address>
         <run_address>0x8505b</run_address>
         <size>0x8</size>
         <input_file_ref idref="fl-8"/>
      </object_component>
      <object_component id="oc-ef">
         <name>.text</name>
         <load_address>0x85063</load_address>
         <run_address>0x85063</run_address>
         <size>0x7</size>
         <input_file_ref idref="fl-49"/>
      </object_component>
      <object_component id="oc-34d">
         <name>.text:B2</name>
         <load_address>0x8506a</load_address>
         <run_address>0x8506a</run_address>
         <size>0x6</size>
         <input_file_ref idref="fl-3"/>
      </object_component>
      <object_component id="oc-291">
         <name>.text:CPUTimer_setEmulationMode</name>
         <load_address>0x85070</load_address>
         <run_address>0x85070</run_address>
         <size>0x6</size>
         <input_file_ref idref="fl-25"/>
      </object_component>
      <object_component id="oc-80">
         <name>.text:decompress:ZI</name>
         <load_address>0x85076</load_address>
         <run_address>0x85076</run_address>
         <size>0x6</size>
         <input_file_ref idref="fl-43"/>
      </object_component>
      <object_component id="oc-2aa">
         <name>.text:CLLLC_setBuildLevelIndicatorVariable</name>
         <load_address>0x8507c</load_address>
         <run_address>0x8507c</run_address>
         <size>0x5</size>
         <input_file_ref idref="fl-4"/>
      </object_component>
      <object_component id="oc-224">
         <name>.text:OBC_7_4KW_setupGPIO</name>
         <load_address>0x85081</load_address>
         <run_address>0x85081</run_address>
         <size>0x5</size>
         <input_file_ref idref="fl-2"/>
      </object_component>
      <object_component id="oc-474">
         <name>.text:SFRA_GUI_spareTsk08</name>
         <load_address>0x85086</load_address>
         <run_address>0x85086</run_address>
         <size>0x5</size>
         <input_file_ref idref="fl-d"/>
      </object_component>
      <object_component id="oc-29e">
         <name>.text:TTPLPFC_setLabIndicatorVariable</name>
         <load_address>0x8508b</load_address>
         <run_address>0x8508b</run_address>
         <size>0x5</size>
         <input_file_ref idref="fl-e"/>
      </object_component>
      <object_component id="oc-37d">
         <name>.text:Interrupt_defaultHandler</name>
         <load_address>0x85090</load_address>
         <run_address>0x85090</run_address>
         <size>0x4</size>
         <input_file_ref idref="fl-29"/>
      </object_component>
      <object_component id="oc-389">
         <name>.text:Interrupt_illegalOperationHandler</name>
         <load_address>0x85094</load_address>
         <run_address>0x85094</run_address>
         <size>0x2</size>
         <input_file_ref idref="fl-29"/>
      </object_component>
      <object_component id="oc-383">
         <name>.text:Interrupt_nmiHandler</name>
         <load_address>0x85096</load_address>
         <run_address>0x85096</run_address>
         <size>0x2</size>
         <input_file_ref idref="fl-29"/>
      </object_component>
      <object_component id="oc-16d">
         <name>.text</name>
         <load_address>0x85098</load_address>
         <run_address>0x85098</run_address>
         <size>0x2</size>
         <input_file_ref idref="fl-41"/>
      </object_component>
      <object_component id="oc-1f7">
         <name>.text</name>
         <load_address>0x8509a</load_address>
         <run_address>0x8509a</run_address>
         <size>0x1</size>
         <input_file_ref idref="fl-4b"/>
      </object_component>
      <object_component id="oc-31">
         <name>codestart</name>
         <load_address>0x80000</load_address>
         <run_address>0x80000</run_address>
         <size>0x2</size>
         <input_file_ref idref="fl-8"/>
      </object_component>
      <object_component id="oc-6f">
         <name>.stack</name>
         <uninitialized>true</uninitialized>
         <run_address>0x400</run_address>
         <size>0x0</size>
         <input_file_ref idref="fl-3e"/>
      </object_component>
      <object_component id="oc-5f8">
         <name>.stack</name>
         <uninitialized>true</uninitialized>
         <run_address>0x400</run_address>
         <size>0x0</size>
      </object_component>
      <object_component id="oc-8c">
         <name>.bss</name>
         <uninitialized>true</uninitialized>
         <run_address>0xe84c</run_address>
         <size>0x30</size>
         <input_file_ref idref="fl-3"/>
      </object_component>
      <object_component id="oc-32a">
         <name>.bss:vTimer0</name>
         <uninitialized>true</uninitialized>
         <run_address>0xe87c</run_address>
         <size>0x4</size>
         <input_file_ref idref="fl-3"/>
      </object_component>
      <object_component id="oc-4a1">
         <name>.bss:vTimer1</name>
         <uninitialized>true</uninitialized>
         <run_address>0xe97c</run_address>
         <size>0x4</size>
         <input_file_ref idref="fl-3"/>
      </object_component>
      <object_component id="oc-10d">
         <name>.bss</name>
         <uninitialized>true</uninitialized>
         <run_address>0xe640</run_address>
         <size>0x60</size>
         <input_file_ref idref="fl-4"/>
      </object_component>
      <object_component id="oc-66">
         <name>.bss:retain</name>
         <uninitialized>true</uninitialized>
         <run_address>0xe9ac</run_address>
         <size>0x2</size>
         <input_file_ref idref="fl-4"/>
      </object_component>
      <object_component id="oc-3ac">
         <name>.bss:CLLLC_dBuff1</name>
         <uninitialized>true</uninitialized>
         <run_address>0xe000</run_address>
         <size>0xc8</size>
         <input_file_ref idref="fl-4"/>
      </object_component>
      <object_component id="oc-3af">
         <name>.bss:CLLLC_dBuff2</name>
         <uninitialized>true</uninitialized>
         <run_address>0xe0c8</run_address>
         <size>0xc8</size>
         <input_file_ref idref="fl-4"/>
      </object_component>
      <object_component id="oc-3b2">
         <name>.bss:CLLLC_dBuff3</name>
         <uninitialized>true</uninitialized>
         <run_address>0xe190</run_address>
         <size>0xc8</size>
         <input_file_ref idref="fl-4"/>
      </object_component>
      <object_component id="oc-3b5">
         <name>.bss:CLLLC_dBuff4</name>
         <uninitialized>true</uninitialized>
         <run_address>0xe258</run_address>
         <size>0xc8</size>
         <input_file_ref idref="fl-4"/>
      </object_component>
      <object_component id="oc-110">
         <name>.bss</name>
         <uninitialized>true</uninitialized>
         <run_address>0xe962</run_address>
         <size>0x1a</size>
         <input_file_ref idref="fl-6"/>
      </object_component>
      <object_component id="oc-471">
         <name>.bss</name>
         <uninitialized>true</uninitialized>
         <run_address>0xe880</run_address>
         <size>0x22</size>
         <input_file_ref idref="fl-d"/>
      </object_component>
      <object_component id="oc-47a">
         <name>.bss:SFRA_GUI_cmdPacket</name>
         <uninitialized>true</uninitialized>
         <run_address>0xe9a1</run_address>
         <size>0x6</size>
         <input_file_ref idref="fl-d"/>
      </object_component>
      <object_component id="oc-43e">
         <name>.bss:SFRA_GUI_cmdDispatcher</name>
         <uninitialized>true</uninitialized>
         <run_address>0xe8a2</run_address>
         <size>0x20</size>
         <input_file_ref idref="fl-d"/>
      </object_component>
      <object_component id="oc-51b">
         <name>.bss:SFRA_GUI_varSetTxtList</name>
         <uninitialized>true</uninitialized>
         <run_address>0xe942</run_address>
         <size>0x20</size>
         <input_file_ref idref="fl-d"/>
      </object_component>
      <object_component id="oc-480">
         <name>.bss:SFRA_GUI_varSetBtnList</name>
         <uninitialized>true</uninitialized>
         <run_address>0xe902</run_address>
         <size>0x20</size>
         <input_file_ref idref="fl-d"/>
      </object_component>
      <object_component id="oc-520">
         <name>.bss:SFRA_GUI_varSetSldrList</name>
         <uninitialized>true</uninitialized>
         <run_address>0xe922</run_address>
         <size>0x20</size>
         <input_file_ref idref="fl-d"/>
      </object_component>
      <object_component id="oc-438">
         <name>.bss:SFRA_GUI_varGetList</name>
         <uninitialized>true</uninitialized>
         <run_address>0xe8e2</run_address>
         <size>0x20</size>
         <input_file_ref idref="fl-d"/>
      </object_component>
      <object_component id="oc-47d">
         <name>.bss:SFRA_GUI_arrayGetList</name>
         <uninitialized>true</uninitialized>
         <run_address>0xe6a0</run_address>
         <size>0x20</size>
         <input_file_ref idref="fl-d"/>
      </object_component>
      <object_component id="oc-43b">
         <name>.bss:SFRA_GUI_dataSetList</name>
         <uninitialized>true</uninitialized>
         <run_address>0xe8c2</run_address>
         <size>0x20</size>
         <input_file_ref idref="fl-d"/>
      </object_component>
      <object_component id="oc-92">
         <name>.bss</name>
         <uninitialized>true</uninitialized>
         <run_address>0xe6c0</run_address>
         <size>0x60</size>
         <input_file_ref idref="fl-e"/>
      </object_component>
      <object_component id="oc-312">
         <name>.bss:TTPLPFC_plantMagVect</name>
         <uninitialized>true</uninitialized>
         <run_address>0xe7d4</run_address>
         <size>0x3c</size>
         <input_file_ref idref="fl-e"/>
      </object_component>
      <object_component id="oc-306">
         <name>.bss:TTPLPFC_plantPhaseVect</name>
         <uninitialized>true</uninitialized>
         <run_address>0xe810</run_address>
         <size>0x3c</size>
         <input_file_ref idref="fl-e"/>
      </object_component>
      <object_component id="oc-309">
         <name>.bss:TTPLPFC_olMagVect</name>
         <uninitialized>true</uninitialized>
         <run_address>0xe75c</run_address>
         <size>0x3c</size>
         <input_file_ref idref="fl-e"/>
      </object_component>
      <object_component id="oc-30c">
         <name>.bss:TTPLPFC_olPhaseVect</name>
         <uninitialized>true</uninitialized>
         <run_address>0xe798</run_address>
         <size>0x3c</size>
         <input_file_ref idref="fl-e"/>
      </object_component>
      <object_component id="oc-30f">
         <name>.bss:TTPLPFC_freqVect</name>
         <uninitialized>true</uninitialized>
         <run_address>0xe720</run_address>
         <size>0x3c</size>
         <input_file_ref idref="fl-e"/>
      </object_component>
      <object_component id="oc-39e">
         <name>.bss:TTPLPFC_dBuff1</name>
         <uninitialized>true</uninitialized>
         <run_address>0xe320</run_address>
         <size>0xc8</size>
         <input_file_ref idref="fl-e"/>
      </object_component>
      <object_component id="oc-3a1">
         <name>.bss:TTPLPFC_dBuff2</name>
         <uninitialized>true</uninitialized>
         <run_address>0xe3e8</run_address>
         <size>0xc8</size>
         <input_file_ref idref="fl-e"/>
      </object_component>
      <object_component id="oc-3a4">
         <name>.bss:TTPLPFC_dBuff3</name>
         <uninitialized>true</uninitialized>
         <run_address>0xe4b0</run_address>
         <size>0xc8</size>
         <input_file_ref idref="fl-e"/>
      </object_component>
      <object_component id="oc-3a7">
         <name>.bss:TTPLPFC_dBuff4</name>
         <uninitialized>true</uninitialized>
         <run_address>0xe578</run_address>
         <size>0xc8</size>
         <input_file_ref idref="fl-e"/>
      </object_component>
      <object_component id="oc-aa">
         <name>.bss</name>
         <uninitialized>true</uninitialized>
         <run_address>0xe980</run_address>
         <size>0x18</size>
         <input_file_ref idref="fl-f"/>
      </object_component>
      <object_component id="oc-4ff">
         <name>.bss</name>
         <uninitialized>true</uninitialized>
         <run_address>0xe9a7</run_address>
         <size>0x5</size>
         <input_file_ref idref="fl-31"/>
      </object_component>
      <object_component id="oc-503">
         <name>.bss:MEP_SF</name>
         <uninitialized>true</uninitialized>
         <run_address>0xe998</run_address>
         <size>0x9</size>
         <input_file_ref idref="fl-31"/>
      </object_component>
      <object_component id="oc-95">
         <name>.data</name>
         <load_address>0xe9c0</load_address>
         <run_address>0xe9c0</run_address>
         <size>0xe</size>
         <input_file_ref idref="fl-3"/>
      </object_component>
      <object_component id="oc-10c">
         <name>.data</name>
         <load_address>0xe9ce</load_address>
         <run_address>0xe9ce</run_address>
         <size>0xc</size>
         <input_file_ref idref="fl-4"/>
      </object_component>
      <object_component id="oc-58d">
         <name>.data</name>
         <load_address>0xe9e5</load_address>
         <run_address>0xe9e5</run_address>
         <size>0x1</size>
         <input_file_ref idref="fl-6"/>
      </object_component>
      <object_component id="oc-506">
         <name>.data:ePWM</name>
         <load_address>0xe9ae</load_address>
         <run_address>0xe9ae</run_address>
         <size>0x12</size>
         <input_file_ref idref="fl-6"/>
      </object_component>
      <object_component id="oc-502">
         <name>.data</name>
         <load_address>0xe9e4</load_address>
         <run_address>0xe9e4</run_address>
         <size>0x1</size>
         <input_file_ref idref="fl-31"/>
      </object_component>
      <object_component id="oc-1e3">
         <name>.data</name>
         <load_address>0xe9da</load_address>
         <run_address>0xe9da</run_address>
         <size>0x6</size>
         <input_file_ref idref="fl-46"/>
      </object_component>
      <object_component id="oc-1e6">
         <name>.data:_lock</name>
         <load_address>0xe9e0</load_address>
         <run_address>0xe9e0</run_address>
         <size>0x2</size>
         <input_file_ref idref="fl-47"/>
      </object_component>
      <object_component id="oc-354">
         <name>.data:_unlock</name>
         <load_address>0xe9e2</load_address>
         <run_address>0xe9e2</run_address>
         <size>0x2</size>
         <input_file_ref idref="fl-47"/>
      </object_component>
      <object_component id="oc-d3">
         <name>dclfuncs</name>
         <load_address>0x81640</load_address>
         <run_address>0x81640</run_address>
         <size>0x37</size>
         <input_file_ref idref="fl-a"/>
      </object_component>
      <object_component id="oc-98">
         <name>dclfuncs</name>
         <load_address>0x81678</load_address>
         <run_address>0x81678</run_address>
         <size>0x2f</size>
         <input_file_ref idref="fl-9"/>
      </object_component>
      <object_component id="oc-9e">
         <name>dclfuncs</name>
         <load_address>0x816a8</load_address>
         <run_address>0x816a8</run_address>
         <size>0x25</size>
         <input_file_ref idref="fl-b"/>
      </object_component>
      <object_component id="oc-147">
         <name>Cla1Prog:Cla1BackgroundTask</name>
         <load_address>0x86000</load_address>
         <run_address>0x9000</run_address>
         <size>0x5a4</size>
         <input_file_ref idref="fl-5"/>
      </object_component>
      <object_component id="oc-11d">
         <name>Cla1Prog:Cla1Task1</name>
         <load_address>0x865a4</load_address>
         <run_address>0x95a4</run_address>
         <size>0xda</size>
         <input_file_ref idref="fl-5"/>
      </object_component>
      <object_component id="oc-123">
         <name>Cla1Prog:Cla1Task2</name>
         <load_address>0x8667e</load_address>
         <run_address>0x967e</run_address>
         <size>0x12</size>
         <input_file_ref idref="fl-5"/>
      </object_component>
      <object_component id="oc-129">
         <name>Cla1Prog:Cla1Task3</name>
         <load_address>0x86690</load_address>
         <run_address>0x9690</run_address>
         <size>0x12</size>
         <input_file_ref idref="fl-5"/>
      </object_component>
      <object_component id="oc-12f">
         <name>Cla1Prog:Cla1Task4</name>
         <load_address>0x866a2</load_address>
         <run_address>0x96a2</run_address>
         <size>0x12</size>
         <input_file_ref idref="fl-5"/>
      </object_component>
      <object_component id="oc-135">
         <name>Cla1Prog:Cla1Task5</name>
         <load_address>0x866b4</load_address>
         <run_address>0x96b4</run_address>
         <size>0x12</size>
         <input_file_ref idref="fl-5"/>
      </object_component>
      <object_component id="oc-13b">
         <name>Cla1Prog:Cla1Task6</name>
         <load_address>0x866c6</load_address>
         <run_address>0x96c6</run_address>
         <size>0x12</size>
         <input_file_ref idref="fl-5"/>
      </object_component>
      <object_component id="oc-141">
         <name>Cla1Prog:Cla1Task7</name>
         <load_address>0x866d8</load_address>
         <run_address>0x96d8</run_address>
         <size>0x12</size>
         <input_file_ref idref="fl-5"/>
      </object_component>
      <object_component id="oc-361">
         <name>.TI.ramfunc:Flash_initModule</name>
         <load_address>0x81000</load_address>
         <run_address>0xc000</run_address>
         <size>0x4b</size>
         <input_file_ref idref="fl-27"/>
      </object_component>
      <object_component id="oc-3c0">
         <name>.TI.ramfunc</name>
         <load_address>0x8104b</load_address>
         <run_address>0xc04b</run_address>
         <size>0x4</size>
         <input_file_ref idref="fl-2c"/>
      </object_component>
      <object_component id="oc-48">
         <name>ramfuncs:ISR3</name>
         <load_address>0x8104f</load_address>
         <run_address>0xc04f</run_address>
         <size>0x5ee</size>
         <input_file_ref idref="fl-3"/>
      </object_component>
      <object_component id="oc-19d">
         <name>.scratchpad:Cla1Prog:Cla1Task7</name>
         <uninitialized>true</uninitialized>
         <run_address>0x84b6</run_address>
         <size>0x2</size>
         <input_file_ref idref="fl-5"/>
      </object_component>
      <object_component id="oc-19b">
         <name>.scratchpad:Cla1Prog:Cla1Task6</name>
         <uninitialized>true</uninitialized>
         <run_address>0x84b6</run_address>
         <size>0x2</size>
         <input_file_ref idref="fl-5"/>
      </object_component>
      <object_component id="oc-199">
         <name>.scratchpad:Cla1Prog:Cla1Task5</name>
         <uninitialized>true</uninitialized>
         <run_address>0x84b6</run_address>
         <size>0x2</size>
         <input_file_ref idref="fl-5"/>
      </object_component>
      <object_component id="oc-197">
         <name>.scratchpad:Cla1Prog:Cla1Task4</name>
         <uninitialized>true</uninitialized>
         <run_address>0x84b6</run_address>
         <size>0x2</size>
         <input_file_ref idref="fl-5"/>
      </object_component>
      <object_component id="oc-195">
         <name>.scratchpad:Cla1Prog:Cla1Task3</name>
         <uninitialized>true</uninitialized>
         <run_address>0x84b6</run_address>
         <size>0x2</size>
         <input_file_ref idref="fl-5"/>
      </object_component>
      <object_component id="oc-193">
         <name>.scratchpad:Cla1Prog:Cla1Task2</name>
         <uninitialized>true</uninitialized>
         <run_address>0x84b6</run_address>
         <size>0x2</size>
         <input_file_ref idref="fl-5"/>
      </object_component>
      <object_component id="oc-190">
         <name>.scratchpad:Cla1Prog:Cla1Task1</name>
         <uninitialized>true</uninitialized>
         <run_address>0x84b6</run_address>
         <size>0x14</size>
         <input_file_ref idref="fl-5"/>
      </object_component>
      <object_component id="oc-19f">
         <name>.scratchpad:background:Cla1Prog:Cla1BackgroundTask</name>
         <uninitialized>true</uninitialized>
         <run_address>0x848e</run_address>
         <size>0x28</size>
         <input_file_ref idref="fl-5"/>
      </object_component>
      <object_component id="oc-cb">
         <name>controlVariables</name>
         <load_address>0x82c0</load_address>
         <run_address>0x82c0</run_address>
         <size>0xe4</size>
         <input_file_ref idref="fl-4"/>
      </object_component>
      <object_component id="oc-60">
         <name>controlVariables:retain:uninit</name>
         <load_address>0x828a</load_address>
         <run_address>0x828a</run_address>
         <size>0x2a</size>
         <input_file_ref idref="fl-4"/>
      </object_component>
      <object_component id="oc-63">
         <name>controlVariables:retain:init</name>
         <load_address>0x82be</load_address>
         <run_address>0x82be</run_address>
         <size>0x2</size>
         <input_file_ref idref="fl-4"/>
      </object_component>
      <object_component id="oc-8f">
         <name>controlVariables:uninit</name>
         <load_address>0x8000</load_address>
         <run_address>0x8000</run_address>
         <size>0x28a</size>
         <input_file_ref idref="fl-e"/>
      </object_component>
      <object_component id="oc-69">
         <name>controlVariables:retain:uninit</name>
         <load_address>0x83c0</load_address>
         <run_address>0x83c0</run_address>
         <size>0xce</size>
         <input_file_ref idref="fl-e"/>
      </object_component>
      <object_component id="oc-6c">
         <name>controlVariables:retain:init</name>
         <load_address>0x82b4</load_address>
         <run_address>0x82b4</run_address>
         <size>0xa</size>
         <input_file_ref idref="fl-e"/>
      </object_component>
      <object_component id="oc-105">
         <name>SFRA_F32_Data</name>
         <uninitialized>true</uninitialized>
         <run_address>0xea00</run_address>
         <size>0x22</size>
         <input_file_ref idref="fl-20"/>
      </object_component>
      <object_component id="oc-58a">
         <name>FPUmathTables</name>
         <load_address>0xf000</load_address>
         <run_address>0xf000</run_address>
         <size>0xd0</size>
         <input_file_ref idref="fl-30"/>
      </object_component>
      <object_component id="oc-5a">
         <name>isrcodefuncs:ISR2_primToSecPowerFlow</name>
         <load_address>0x87000</load_address>
         <run_address>0xc640</run_address>
         <size>0x5a3</size>
         <input_file_ref idref="fl-3"/>
      </object_component>
      <object_component id="oc-54">
         <name>isrcodefuncs:ISR2_secToPrimPowerFlow</name>
         <load_address>0x875a3</load_address>
         <run_address>0xcbe3</run_address>
         <size>0x22</size>
         <input_file_ref idref="fl-3"/>
      </object_component>
      <object_component id="oc-cf">
         <name>.debug_types</name>
         <load_address>0x0</load_address>
         <run_address>0x0</run_address>
         <size>0xb5f</size>
         <input_file_ref idref="fl-2"/>
      </object_component>
      <object_component id="oc-d1">
         <name>.debug_types</name>
         <load_address>0xb5f</load_address>
         <run_address>0xb5f</run_address>
         <size>0x285a</size>
         <input_file_ref idref="fl-3"/>
      </object_component>
      <object_component id="oc-db">
         <name>.debug_types</name>
         <load_address>0x33b9</load_address>
         <run_address>0x33b9</run_address>
         <size>0xfec</size>
         <input_file_ref idref="fl-4"/>
      </object_component>
      <object_component id="oc-192">
         <name>.debug_types</name>
         <load_address>0x43a5</load_address>
         <run_address>0x43a5</run_address>
         <size>0xa34</size>
         <input_file_ref idref="fl-5"/>
      </object_component>
      <object_component id="oc-115">
         <name>.debug_types</name>
         <load_address>0x4dd9</load_address>
         <run_address>0x4dd9</run_address>
         <size>0x7496</size>
         <input_file_ref idref="fl-6"/>
      </object_component>
      <object_component id="oc-37a">
         <name>.debug_types</name>
         <load_address>0xc26f</load_address>
         <run_address>0xc26f</run_address>
         <size>0x55d</size>
         <input_file_ref idref="fl-7"/>
      </object_component>
      <object_component id="oc-484">
         <name>.debug_types</name>
         <load_address>0xc7cc</load_address>
         <run_address>0xc7cc</run_address>
         <size>0x25e</size>
         <input_file_ref idref="fl-d"/>
      </object_component>
      <object_component id="oc-e2">
         <name>.debug_types</name>
         <load_address>0xca2a</load_address>
         <run_address>0xca2a</run_address>
         <size>0xb57</size>
         <input_file_ref idref="fl-e"/>
      </object_component>
      <object_component id="oc-10b">
         <name>.debug_types</name>
         <load_address>0xd581</load_address>
         <run_address>0xd581</run_address>
         <size>0x5e5</size>
         <input_file_ref idref="fl-f"/>
      </object_component>
      <object_component id="oc-4f4">
         <name>.debug_types</name>
         <load_address>0xdb66</load_address>
         <run_address>0xdb66</run_address>
         <size>0xe7</size>
         <input_file_ref idref="fl-22"/>
      </object_component>
      <object_component id="oc-1a2">
         <name>.debug_types</name>
         <load_address>0xdc4d</load_address>
         <run_address>0xdc4d</run_address>
         <size>0x5e</size>
         <input_file_ref idref="fl-23"/>
      </object_component>
      <object_component id="oc-538">
         <name>.debug_types</name>
         <load_address>0xdcab</load_address>
         <run_address>0xdcab</run_address>
         <size>0x2f</size>
         <input_file_ref idref="fl-24"/>
      </object_component>
      <object_component id="oc-391">
         <name>.debug_types</name>
         <load_address>0xdcda</load_address>
         <run_address>0xdcda</run_address>
         <size>0x2f</size>
         <input_file_ref idref="fl-25"/>
      </object_component>
      <object_component id="oc-4ba">
         <name>.debug_types</name>
         <load_address>0xdd09</load_address>
         <run_address>0xdd09</run_address>
         <size>0x1fa</size>
         <input_file_ref idref="fl-27"/>
      </object_component>
      <object_component id="oc-4cb">
         <name>.debug_types</name>
         <load_address>0xdf03</load_address>
         <run_address>0xdf03</run_address>
         <size>0x1bb</size>
         <input_file_ref idref="fl-28"/>
      </object_component>
      <object_component id="oc-155">
         <name>.debug_types</name>
         <load_address>0x0</load_address>
         <run_address>0x0</run_address>
         <size>0x0</size>
         <input_file_ref idref="fl-29"/>
      </object_component>
      <object_component id="oc-18f">
         <name>.debug_types</name>
         <load_address>0xe0be</load_address>
         <run_address>0xe0be</run_address>
         <size>0x159</size>
         <input_file_ref idref="fl-2a"/>
      </object_component>
      <object_component id="oc-50e">
         <name>.debug_types</name>
         <load_address>0xe217</load_address>
         <run_address>0xe217</run_address>
         <size>0x1f7</size>
         <input_file_ref idref="fl-2b"/>
      </object_component>
      <object_component id="oc-4c8">
         <name>.debug_types</name>
         <load_address>0xe40e</load_address>
         <run_address>0xe40e</run_address>
         <size>0x7f5</size>
         <input_file_ref idref="fl-2c"/>
      </object_component>
      <object_component id="oc-108">
         <name>.debug_types</name>
         <load_address>0xec03</load_address>
         <run_address>0xec03</run_address>
         <size>0x1017</size>
         <input_file_ref idref="fl-2d"/>
      </object_component>
      <object_component id="oc-50a">
         <name>.debug_types</name>
         <load_address>0xfc1a</load_address>
         <run_address>0xfc1a</run_address>
         <size>0x62</size>
         <input_file_ref idref="fl-31"/>
      </object_component>
      <object_component id="oc-4db">
         <name>.debug_types</name>
         <load_address>0x0</load_address>
         <run_address>0x0</run_address>
         <size>0x0</size>
         <input_file_ref idref="fl-3d"/>
      </object_component>
      <object_component id="oc-e9">
         <name>.debug_types</name>
         <load_address>0xfc7c</load_address>
         <run_address>0xfc7c</run_address>
         <size>0x142</size>
         <input_file_ref idref="fl-40"/>
      </object_component>
      <object_component id="oc-1aa">
         <name>.debug_types</name>
         <load_address>0x0</load_address>
         <run_address>0x0</run_address>
         <size>0x0</size>
         <input_file_ref idref="fl-41"/>
      </object_component>
      <object_component id="oc-1fe">
         <name>.debug_types</name>
         <load_address>0xfdbe</load_address>
         <run_address>0xfdbe</run_address>
         <size>0x470</size>
         <input_file_ref idref="fl-42"/>
      </object_component>
      <object_component id="oc-ee">
         <name>.debug_types</name>
         <load_address>0x1022e</load_address>
         <run_address>0x1022e</run_address>
         <size>0x165</size>
         <input_file_ref idref="fl-43"/>
      </object_component>
      <object_component id="oc-79">
         <name>.debug_types</name>
         <load_address>0x0</load_address>
         <run_address>0x0</run_address>
         <size>0x0</size>
         <input_file_ref idref="fl-44"/>
      </object_component>
      <object_component id="oc-71">
         <name>.debug_types</name>
         <load_address>0x10393</load_address>
         <run_address>0x10393</run_address>
         <size>0x191</size>
         <input_file_ref idref="fl-45"/>
      </object_component>
      <object_component id="oc-1ea">
         <name>.debug_types</name>
         <load_address>0x10524</load_address>
         <run_address>0x10524</run_address>
         <size>0xbf</size>
         <input_file_ref idref="fl-46"/>
      </object_component>
      <object_component id="oc-26e">
         <name>.debug_types</name>
         <load_address>0x105e3</load_address>
         <run_address>0x105e3</run_address>
         <size>0x2f</size>
         <input_file_ref idref="fl-47"/>
      </object_component>
      <object_component id="oc-1e2">
         <name>.debug_types</name>
         <load_address>0x10612</load_address>
         <run_address>0x10612</run_address>
         <size>0xe1</size>
         <input_file_ref idref="fl-48"/>
      </object_component>
      <object_component id="oc-16c">
         <name>.debug_types</name>
         <load_address>0x0</load_address>
         <run_address>0x0</run_address>
         <size>0x0</size>
         <input_file_ref idref="fl-49"/>
      </object_component>
      <object_component id="oc-273">
         <name>.debug_types</name>
         <load_address>0x0</load_address>
         <run_address>0x0</run_address>
         <size>0x0</size>
         <input_file_ref idref="fl-4b"/>
      </object_component>
      <object_component id="oc-237">
         <name>.debug_info</name>
         <load_address>0x0</load_address>
         <run_address>0x0</run_address>
         <size>0x181</size>
         <input_file_ref idref="fl-2"/>
      </object_component>
      <object_component id="oc-4a">
         <name>.debug_info</name>
         <load_address>0x181</load_address>
         <run_address>0x181</run_address>
         <size>0x1fc</size>
         <input_file_ref idref="fl-2"/>
      </object_component>
      <object_component id="oc-225">
         <name>.debug_info</name>
         <load_address>0x37d</load_address>
         <run_address>0x37d</run_address>
         <size>0x151</size>
         <input_file_ref idref="fl-2"/>
      </object_component>
      <object_component id="oc-231">
         <name>.debug_info</name>
         <load_address>0x4ce</load_address>
         <run_address>0x4ce</run_address>
         <size>0x177</size>
         <input_file_ref idref="fl-2"/>
      </object_component>
      <object_component id="oc-243">
         <name>.debug_info</name>
         <load_address>0x645</load_address>
         <run_address>0x645</run_address>
         <size>0x1a0</size>
         <input_file_ref idref="fl-2"/>
      </object_component>
      <object_component id="oc-220">
         <name>.debug_info</name>
         <load_address>0x7e5</load_address>
         <run_address>0x7e5</run_address>
         <size>0x187</size>
         <input_file_ref idref="fl-2"/>
      </object_component>
      <object_component id="oc-214">
         <name>.debug_info</name>
         <load_address>0x96c</load_address>
         <run_address>0x96c</run_address>
         <size>0x1ba</size>
         <input_file_ref idref="fl-2"/>
      </object_component>
      <object_component id="oc-8d">
         <name>.debug_info</name>
         <load_address>0xb26</load_address>
         <run_address>0xb26</run_address>
         <size>0x61e</size>
         <input_file_ref idref="fl-3"/>
      </object_component>
      <object_component id="oc-96">
         <name>.debug_info</name>
         <load_address>0x1144</load_address>
         <run_address>0x1144</run_address>
         <size>0xe2</size>
         <input_file_ref idref="fl-3"/>
[...]
         <value>0x801e</value>
         <object_component_ref idref="oc-8f"/>
      </symbol>
      <symbol id="sm-615">
         <name>TTPLPFC_gi1_out_ff_scale</name>
         <value>0x83c0</value>
         <object_component_ref idref="oc-69"/>
      </symbol>
      <symbol id="sm-616">
         <name>TTPLPFC_duty2_pu</name>
         <value>0x8402</value>
         <object_component_ref idref="oc-69"/>
      </symbol>
      <symbol id="sm-617">
         <name>TTPLPFC_runSFRABackGroundTasks</name>
         <value>0x85011</value>
         <object_component_ref idref="oc-334"/>
      </symbol>
      <symbol id="sm-618">
         <name>TTPLPFC_ac_N_sensed_pu</name>
         <value>0x83d0</value>
         <object_component_ref idref="oc-69"/>
      </symbol>
      <symbol id="sm-619">
         <name>TTPLPFC_spll_notch_50Hz</name>
         <value>0x80c0</value>
         <object_component_ref idref="oc-8f"/>
      </symbol>
      <symbol id="sm-61a">
         <name>TTPLPFC_board_State</name>
         <value>0x83c4</value>
         <object_component_ref idref="oc-69"/>
      </symbol>
      <symbol id="sm-61b">
         <name>TTPLPFC_dbRED_SetValue_Temp3_ticks</name>
         <value>0x8032</value>
         <object_component_ref idref="oc-8f"/>
      </symbol>
      <symbol id="sm-61c">
         <name>TTPLPFC_sine_mains</name>
         <value>0x8180</value>
         <object_component_ref idref="oc-8f"/>
      </symbol>
      <symbol id="sm-61d">
         <name>TTPLPFC_zeroCrossDetectFlag</name>
         <value>0x843c</value>
         <object_component_ref idref="oc-69"/>
      </symbol>
      <symbol id="sm-61e">
         <name>TTPLPFC_powerFactor</name>
         <value>0x8418</value>
         <object_component_ref idref="oc-69"/>
      </symbol>
      <symbol id="sm-61f">
         <name>TTPLPFC_dbRED_Max_ticks</name>
         <value>0x8036</value>
         <object_component_ref idref="oc-8f"/>
      </symbol>
      <symbol id="sm-669">
         <name>TTPLPFC_HAL_GaNTemp_C</name>
         <value>0xe980</value>
         <object_component_ref idref="oc-aa"/>
      </symbol>
      <symbol id="sm-66a">
         <name>TTPLPFC_HAL_setupRelayGPIO</name>
         <value>0x84fbe</value>
         <object_component_ref idref="oc-2cb"/>
      </symbol>
      <symbol id="sm-66b">
         <name>TTPLPFC_HAL_setupTrigForADC</name>
         <value>0x83e52</value>
         <object_component_ref idref="oc-2b8"/>
      </symbol>
      <symbol id="sm-66c">
         <name>TTPLPFC_HAL_setupPWMforTrip</name>
         <value>0x847dd</value>
         <object_component_ref idref="oc-3f8"/>
      </symbol>
      <symbol id="sm-66d">
         <name>TTPLPFC_HAL_setupADC</name>
         <value>0x842e6</value>
         <object_component_ref idref="oc-2b2"/>
      </symbol>
      <symbol id="sm-66e">
         <name>TTPLPFC_HAL_setupBoardProtection</name>
         <value>0x840d4</value>
         <object_component_ref idref="oc-2df"/>
      </symbol>
      <symbol id="sm-66f">
         <name>TTPLPFC_HAL_setupCMPSS</name>
         <value>0x845e3</value>
         <object_component_ref idref="oc-3e0"/>
      </symbol>
      <symbol id="sm-670">
         <name>TTPLPFC_HAL_setupPWM</name>
         <value>0x8426e</value>
         <object_component_ref idref="oc-2ec"/>
      </symbol>
      <symbol id="sm-671">
         <name>TTPLPFC_HAL_setupPWM_UpDownCountWithDeadband</name>
         <value>0x843ca</value>
         <object_component_ref idref="oc-400"/>
      </symbol>
      <symbol id="sm-672">
         <name>TTPLPFC_HAL_setPinsAsPWM</name>
         <value>0x844ab</value>
         <object_component_ref idref="oc-2f2"/>
      </symbol>
      <symbol id="sm-687">
         <name>SFRA_F32_runBackgroundTask</name>
         <value>0x82b53</value>
         <object_component_ref idref="oc-4a5"/>
      </symbol>
      <symbol id="sm-68c">
         <name>__SFRA_F32_collect</name>
         <value>0x8451a</value>
         <object_component_ref idref="oc-a3"/>
      </symbol>
      <symbol id="sm-6a7">
         <name>_SFRA_F32_state</name>
         <value>0xea00</value>
         <object_component_ref idref="oc-105"/>
      </symbol>
      <symbol id="sm-6a8">
         <name>SFRA_F32_updateInjectionAmplitude</name>
         <value>0x82f44</value>
         <object_component_ref idref="oc-305"/>
      </symbol>
      <symbol id="sm-6a9">
         <name>SFRA_F32_resetFreqRespArray</name>
         <value>0x82f4c</value>
         <object_component_ref idref="oc-305"/>
      </symbol>
      <symbol id="sm-6aa">
         <name>_SFRA_F32_yCosSum</name>
         <value>0xea0c</value>
         <object_component_ref idref="oc-105"/>
      </symbol>
      <symbol id="sm-6ab">
         <name>_SFRA_F32_ySinSum</name>
         <value>0xea0a</value>
         <object_component_ref idref="oc-105"/>
      </symbol>
      <symbol id="sm-6ac">
         <name>_SFRA_F32_pointerStart</name>
         <value>0xea0e</value>
         <object_component_ref idref="oc-105"/>
      </symbol>
      <symbol id="sm-6ad">
         <name>_SFRA_F32_step</name>
         <value>0xea16</value>
         <object_component_ref idref="oc-105"/>
      </symbol>
      <symbol id="sm-6ae">
         <name>_SFRA_F32_preCount</name>
         <value>0xea1a</value>
         <object_component_ref idref="oc-105"/>
      </symbol>
      <symbol id="sm-6af">
         <name>_SFRA_F32_scalar</name>
         <value>0xea14</value>
         <object_component_ref idref="oc-105"/>
      </symbol>
      <symbol id="sm-6b0">
         <name>_SFRA_F32_pointer</name>
         <value>0xea18</value>
         <object_component_ref idref="oc-105"/>
      </symbol>
      <symbol id="sm-6b1">
         <name>SFRA_F32_config</name>
         <value>0x830cb</value>
         <object_component_ref idref="oc-305"/>
      </symbol>
      <symbol id="sm-6b2">
         <name>_SFRA_F32_reference</name>
         <value>0xea10</value>
         <object_component_ref idref="oc-105"/>
      </symbol>
      <symbol id="sm-6b3">
         <name>_SFRA_F32_windowSamples</name>
         <value>0xea1e</value>
         <object_component_ref idref="oc-105"/>
      </symbol>
      <symbol id="sm-6b4">
         <name>_SFRA_F32_amplitude</name>
         <value>0xea12</value>
         <object_component_ref idref="oc-105"/>
      </symbol>
      <symbol id="sm-6b5">
         <name>SFRA_F32_initFreqArrayWithLogSteps</name>
         <value>0x830a1</value>
         <object_component_ref idref="oc-305"/>
      </symbol>
      <symbol id="sm-6b6">
         <name>SFRA_F32_reset</name>
         <value>0x8306d</value>
         <object_component_ref idref="oc-305"/>
      </symbol>
      <symbol id="sm-6b7">
         <name>_SFRA_F32_uCosSum</name>
         <value>0xea08</value>
         <object_component_ref idref="oc-105"/>
      </symbol>
      <symbol id="sm-6b8">
         <name>_SFRA_F32_uSinSum</name>
         <value>0xea06</value>
         <object_component_ref idref="oc-105"/>
      </symbol>
      <symbol id="sm-6b9">
         <name>_SFRA_F32_rCosSum</name>
         <value>0xea04</value>
         <object_component_ref idref="oc-105"/>
      </symbol>
      <symbol id="sm-6ba">
         <name>_SFRA_F32_rSinSum</name>
         <value>0xea02</value>
         <object_component_ref idref="oc-105"/>
      </symbol>
      <symbol id="sm-6bb">
         <name>_SFRA_F32_count</name>
         <value>0xea1c</value>
         <object_component_ref idref="oc-105"/>
      </symbol>
      <symbol id="sm-6bc">
         <name>_SFRA_F32_stateSlew</name>
         <value>0xea01</value>
         <object_component_ref idref="oc-105"/>
      </symbol>
      <symbol id="sm-6bd">
         <name>_SFRA_F32_angle</name>
         <value>0xea20</value>
         <object_component_ref idref="oc-105"/>
      </symbol>
      <symbol id="sm-6c2">
         <name>__SFRA_F32_inject</name>
         <value>0x84b90</value>
         <object_component_ref idref="oc-9d"/>
      </symbol>
      <symbol id="sm-6dc">
         <name>ADC_setOffsetTrimAll</name>
         <value>0x84e52</value>
         <object_component_ref idref="oc-4ed"/>
      </symbol>
      <symbol id="sm-6dd">
         <name>ADC_setVREF</name>
         <value>0x84e86</value>
         <object_component_ref idref="oc-3ba"/>
      </symbol>
      <symbol id="sm-6ec">
         <name>CLA_setTriggerSource</name>
         <value>0x84de2</value>
         <object_component_ref idref="oc-14d"/>
      </symbol>
      <symbol id="sm-70b">
         <name>CMPSS_configFilterHigh</name>
         <value>0x84e9f</value>
         <object_component_ref idref="oc-48b"/>
      </symbol>
      <symbol id="sm-70c">
         <name>CMPSS_configFilterLow</name>
         <value>0x84eb8</value>
         <object_component_ref idref="oc-491"/>
      </symbol>
      <symbol id="sm-70d">
         <name>CMPSS_configLatchOnPWMSYNC</name>
         <value>0x84f33</value>
         <object_component_ref idref="oc-485"/>
      </symbol>
      <symbol id="sm-71a">
         <name>CPUTimer_setEmulationMode</name>
         <value>0x85070</value>
         <object_component_ref idref="oc-291"/>
      </symbol>
      <symbol id="sm-728">
         <name>Flash_initModule</name>
         <value>0xc000</value>
         <object_component_ref idref="oc-361"/>
      </symbol>
      <symbol id="sm-764">
         <name>GPIO_setQualificationMode</name>
         <value>0x84c6a</value>
         <object_component_ref idref="oc-3cb"/>
      </symbol>
      <symbol id="sm-765">
         <name>GPIO_setPadConfig</name>
         <value>0x8479e</value>
         <object_component_ref idref="oc-3ec"/>
      </symbol>
      <symbol id="sm-766">
         <name>GPIO_setAnalogMode</name>
         <value>0x84718</value>
         <object_component_ref idref="oc-373"/>
      </symbol>
      <symbol id="sm-767">
         <name>GPIO_setDirectionMode</name>
         <value>0x84cce</value>
         <object_component_ref idref="oc-3c5"/>
      </symbol>
      <symbol id="sm-768">
         <name>GPIO_setPinConfig</name>
         <value>0x8492b</value>
         <object_component_ref idref="oc-3d1"/>
      </symbol>
      <symbol id="sm-769">
         <name>GPIO_setMasterCore</name>
         <value>0x84c48</value>
         <object_component_ref idref="oc-3d8"/>
      </symbol>
      <symbol id="sm-7a3">
         <name>Interrupt_initModule</name>
         <value>0x8475d</value>
         <object_component_ref idref="oc-285"/>
      </symbol>
      <symbol id="sm-7a4">
         <name>Interrupt_enable</name>
         <value>0x848c1</value>
         <object_component_ref idref="oc-c5"/>
      </symbol>
      <symbol id="sm-7a5">
         <name>Interrupt_initVectorTable</name>
         <value>0x84f48</value>
         <object_component_ref idref="oc-28b"/>
      </symbol>
      <symbol id="sm-7b4">
         <name>MemCfg_setLSRAMMasterSel</name>
         <value>0x84c8c</value>
         <object_component_ref idref="oc-117"/>
      </symbol>
      <symbol id="sm-7d8">
         <name>SCI_clearInterruptStatus</name>
         <value>0x84dfe</value>
         <object_component_ref idref="oc-432"/>
      </symbol>
      <symbol id="sm-7d9">
         <name>SCI_setConfig</name>
         <value>0x84c25</value>
         <object_component_ref idref="oc-426"/>
      </symbol>
      <symbol id="sm-7da">
         <name>SCI_enableInterrupt</name>
         <value>0x84e6c</value>
         <object_component_ref idref="oc-42c"/>
      </symbol>
      <symbol id="sm-832">
         <name>SysCtl_isPLLValid</name>
         <value>0x837ad</value>
         <object_component_ref idref="oc-4c1"/>
      </symbol>
      <symbol id="sm-833">
         <name>SysCtl_delay</name>
         <value>0xc04b</value>
         <object_component_ref idref="oc-3c0"/>
      </symbol>
      <symbol id="sm-834">
         <name>SysCtl_selectXTALSingleEnded</name>
         <value>0x84e36</value>
         <object_component_ref idref="oc-554"/>
      </symbol>
      <symbol id="sm-835">
         <name>SysCtl_selectXTAL</name>
         <value>0x8498a</value>
         <object_component_ref idref="oc-55a"/>
      </symbol>
      <symbol id="sm-836">
         <name>SysCtl_selectOscSource</name>
         <value>0x84a16</value>
         <object_component_ref idref="oc-4bb"/>
      </symbol>
      <symbol id="sm-837">
         <name>SysCtl_setClock</name>
         <value>0x836a5</value>
         <object_component_ref idref="oc-367"/>
      </symbol>
      <symbol id="sm-862">
         <name>XBAR_setEPWMMuxConfig</name>
         <value>0x84a6e</value>
         <object_component_ref idref="oc-3e6"/>
      </symbol>
      <symbol id="sm-863">
         <name>XBAR_clearInputFlag</name>
         <value>0x84b40</value>
         <object_component_ref idref="oc-3f2"/>
      </symbol>
      <symbol id="sm-864">
         <name>XBAR_getInputFlagStatus</name>
         <value>0x849b9</value>
         <object_component_ref idref="oc-a4"/>
      </symbol>
      <symbol id="sm-865">
         <name>XBAR_setOutputMuxConfig</name>
         <value>0x84c00</value>
         <object_component_ref idref="oc-498"/>
      </symbol>
      <symbol id="sm-86d">
         <name>__c28xabi_divf</name>
         <value>0x84ed1</value>
         <object_component_ref idref="oc-4d5"/>
      </symbol>
      <symbol id="sm-875">
         <name>logf</name>
         <value>0x84852</value>
         <object_component_ref idref="oc-53e"/>
      </symbol>
      <symbol id="sm-878">
         <name>FPU32LOG_TABLE_MASK1</name>
         <value>0xf006</value>
         <object_component_ref idref="oc-58a"/>
      </symbol>
      <symbol id="sm-879">
         <name>FPU32LOG_TABLE_MASK2</name>
         <value>0xf008</value>
         <object_component_ref idref="oc-58a"/>
      </symbol>
      <symbol id="sm-87a">
         <name>FPU32INVLOG10</name>
         <value>0xf002</value>
         <object_component_ref idref="oc-58a"/>
      </symbol>
      <symbol id="sm-87b">
         <name>FPU32EXPBIAS</name>
         <value>0xf004</value>
         <object_component_ref idref="oc-58a"/>
      </symbol>
      <symbol id="sm-87c">
         <name>FPU32LOG2</name>
         <value>0xf000</value>
         <object_component_ref idref="oc-58a"/>
      </symbol>
      <symbol id="sm-87d">
         <name>FPU32logTable</name>
         <value>0xf00a</value>
         <object_component_ref idref="oc-58a"/>
      </symbol>
      <symbol id="sm-87e">
         <name>FPU32logTableEnd</name>
         <value>0xf0d0</value>
         <object_component_ref idref="oc-58a"/>
      </symbol>
      <symbol id="sm-8ab">
         <name>MEP_SF</name>
         <value>0xe998</value>
         <object_component_ref idref="oc-503"/>
      </symbol>
      <symbol id="sm-8ac">
         <name>SFO_CAL</name>
         <value>0xe9a7</value>
         <object_component_ref idref="oc-4ff"/>
      </symbol>
      <symbol id="sm-8ad">
         <name>SFO</name>
         <value>0x82d53</value>
         <object_component_ref idref="oc-408"/>
      </symbol>
      <symbol id="sm-8bd">
         <name>tanf</name>
         <value>0x84581</value>
         <object_component_ref idref="oc-392"/>
      </symbol>
      <symbol id="sm-8c7">
         <name>_c_int00</name>
         <value>0x84eea</value>
         <object_component_ref idref="oc-f6"/>
      </symbol>
      <symbol id="sm-8c8">
         <name>__stack</name>
         <value>0x400</value>
         <object_component_ref idref="oc-6f"/>
      </symbol>
      <symbol id="sm-8db">
         <name>memcpy</name>
         <value>0x84dc5</value>
         <object_component_ref idref="oc-72"/>
      </symbol>
      <symbol id="sm-8e8">
         <name>_system_pre_init</name>
         <value>0x85098</value>
         <object_component_ref idref="oc-16d"/>
      </symbol>
      <symbol id="sm-8f7">
         <name>__TI_auto_init_nobinit_nopinit</name>
         <value>0x84a99</value>
         <object_component_ref idref="oc-1ab"/>
      </symbol>
      <symbol id="sm-904">
         <name>__TI_zero_init</name>
         <value>0x85076</value>
         <object_component_ref idref="oc-80"/>
      </symbol>
      <symbol id="sm-911">
         <name>__TI_decompress_none</name>
         <value>0x85053</value>
         <object_component_ref idref="oc-2a"/>
      </symbol>
      <symbol id="sm-925">
         <name>__TI_decompress_lzss</name>
         <value>0x849e8</value>
         <object_component_ref idref="oc-24"/>
      </symbol>
      <symbol id="sm-93b">
         <name>C$$EXIT</name>
         <value>0x84b17</value>
         <object_component_ref idref="oc-17a"/>
      </symbol>
      <symbol id="sm-93c">
         <name>abort</name>
         <value>0x84b17</value>
         <object_component_ref idref="oc-17a"/>
      </symbol>
      <symbol id="sm-93d">
         <name>exit</name>
         <value>0x84b19</value>
         <object_component_ref idref="oc-17a"/>
      </symbol>
      <symbol id="sm-93e">
         <name>__TI_dtors_ptr</name>
         <value>0xe9de</value>
         <object_component_ref idref="oc-1e3"/>
      </symbol>
      <symbol id="sm-93f">
         <name>__TI_cleanup_ptr</name>
         <value>0xe9dc</value>
         <object_component_ref idref="oc-1e3"/>
      </symbol>
      <symbol id="sm-940">
         <name>__TI_enable_exit_profile_output</name>
         <value>0xe9da</value>
         <object_component_ref idref="oc-1e3"/>
      </symbol>
      <symbol id="sm-957">
         <name>_nop</name>
         <value>0x8504a</value>
         <object_component_ref idref="oc-266"/>
      </symbol>
      <symbol id="sm-958">
         <name>_lock</name>
         <value>0xe9e0</value>
         <object_component_ref idref="oc-1e6"/>
      </symbol>
      <symbol id="sm-959">
         <name>_unlock</name>
         <value>0xe9e2</value>
         <object_component_ref idref="oc-354"/>
      </symbol>
      <symbol id="sm-95a">
         <name>_register_lock</name>
         <value>0x85046</value>
         <object_component_ref idref="oc-266"/>
      </symbol>
      <symbol id="sm-95b">
         <name>_register_unlock</name>
         <value>0x85042</value>
         <object_component_ref idref="oc-266"/>
      </symbol>
      <symbol id="sm-96a">
         <name>_args_main</name>
         <value>0x84fe4</value>
         <object_component_ref idref="oc-174"/>
      </symbol>
      <symbol id="sm-979">
         <name>memset</name>
         <value>0x85063</value>
         <object_component_ref idref="oc-ef"/>
      </symbol>
      <symbol id="sm-987">
         <name>_system_post_cinit</name>
         <value>0x8509a</value>
         <object_component_ref idref="oc-1f7"/>
      </symbol>
      <symbol id="sm-989">
         <name>__c_args__</name>
         <value>0x0</value>
      </symbol>
      <symbol id="sm-98a">
         <name>OBC_7_4KW_setupDevice</name>
         <value>0x84359</value>
      </symbol>
      <symbol id="sm-98b">
         <name>OBC_7_4KW_disablePWMClkCounting</name>
         <value>0x85030</value>
      </symbol>
      <symbol id="sm-98c">
         <name>OBC_7_4KW_enablePWMClkCounting</name>
         <value>0x8504b</value>
      </symbol>
      <symbol id="sm-98d">
         <name>OBC_7_4KW_setupGaNTempReading</name>
         <value>0x84d2e</value>
      </symbol>
      <symbol id="sm-98e">
         <name>OBC_7_4KW_setupSFRA</name>
         <value>0x83480</value>
      </symbol>
   </symbol_table>
   <title>Link successful</title>
</link_info>
